
==> go.sum non-empty guard
go.sum presence check passed.

==> CI workflow contract check
CI contract checks passed.

==> Go tests
ok  	bitriver-live/cmd/bitriver	0.105s
ok  	bitriver-live/cmd/server	0.030s
ok  	bitriver-live/cmd/srs-controller	0.033s
?   	bitriver-live/cmd/tools/bootstrap-admin	[no test files]
?   	bitriver-live/cmd/tools/migrate-json-to-postgres	[no test files]
ok  	bitriver-live/cmd/tools/pgx-mode-check	0.011s
ok  	bitriver-live/cmd/transcoder	1.723s
ok  	bitriver-live/internal/api	1.844s
?   	bitriver-live/internal/app	[no test files]
ok  	bitriver-live/internal/architecture	0.021s
ok  	bitriver-live/internal/auth	0.112s
ok  	bitriver-live/internal/auth/oauth	0.021s
ok  	bitriver-live/internal/chat	0.662s
ok  	bitriver-live/internal/config	0.011s
ok  	bitriver-live/internal/ctxutil	0.008s
?   	bitriver-live/internal/domain	[no test files]
ok  	bitriver-live/internal/envutil	0.015s
ok  	bitriver-live/internal/envutil/pgdsn	0.012s
ok  	bitriver-live/internal/executil	0.021s
ok  	bitriver-live/internal/ingest	2.715s
ok  	bitriver-live/internal/models	0.013s
?   	bitriver-live/internal/observability	[no test files]
ok  	bitriver-live/internal/observability/logging	0.018s
ok  	bitriver-live/internal/observability/metrics	0.026s
?   	bitriver-live/internal/observability/tracing	[no test files]
ok  	bitriver-live/internal/platformutil	0.019s
ok  	bitriver-live/internal/security/tokenauth	0.014s
ok  	bitriver-live/internal/server	0.222s
ok  	bitriver-live/internal/serverutil	0.145s
ok  	bitriver-live/internal/service	0.016s
ok  	bitriver-live/internal/service/uploads	0.299s
ok  	bitriver-live/internal/storage	0.921s
ok  	bitriver-live/internal/stringsutil	0.012s
?   	bitriver-live/internal/testsupport	[no test files]
?   	bitriver-live/internal/testsupport/ingeststub	[no test files]
?   	bitriver-live/internal/testsupport/redisstub	[no test files]
ok  	bitriver-live/scripts	0.663s
?   	bitriver-live/web	[no test files]

==> Architecture dependency direction check
Architecture import direction check passed.

==> No internal/models imports outside internal/models
No forbidden bitriver-live/internal/models imports found.

==> Dependency source check
dependency source check passed (no third_party/vendor duplicates).

==> Contract invariants check
Checking deployment contract invariants...
Found deploy/docker-compose.yml
Skipping docker compose config validation: docker is not installed or not on PATH.
Found deploy/.env.example
Found generated section markers in docs/contract.md
docs/contract.md generated env section is up to date
Generated artifact references are valid
Contract invariants check passed.

==> Production third-party digest gate
Skipping digest enforcement (BITRIVER_LIVE_MODE=unset, BITRIVER_DEPLOY_IMAGE_SOURCE=pull).

==> Docker Compose config validation
Skipping: docker is not installed or not on PATH.

==> Viewer lint/test
Skipping: no changes detected under web/viewer (use --viewer to force).

All requested verification checks completed successfully.
