==> Command: ./scripts/verify.sh
==> Started: 2026-02-27T16:30:11+00:00

==> go.sum non-empty guard
go.sum presence check passed.

==> CI workflow contract check
CI contract checks passed.

==> Go tests
ok  	bitriver-live/cmd/bitriver	0.157s
ok  	bitriver-live/cmd/server	0.035s
ok  	bitriver-live/cmd/srs-controller	0.034s
?   	bitriver-live/cmd/tools/bootstrap-admin	[no test files]
?   	bitriver-live/cmd/tools/migrate-json-to-postgres	[no test files]
ok  	bitriver-live/cmd/tools/pgx-mode-check	0.016s
ok  	bitriver-live/cmd/transcoder	1.737s
ok  	bitriver-live/internal/api	4.058s
?   	bitriver-live/internal/app	[no test files]
ok  	bitriver-live/internal/architecture	0.029s
ok  	bitriver-live/internal/auth	0.116s
ok  	bitriver-live/internal/auth/oauth	0.031s
ok  	bitriver-live/internal/chat	0.778s
ok  	bitriver-live/internal/config	0.023s
ok  	bitriver-live/internal/ctxutil	0.012s
?   	bitriver-live/internal/domain	[no test files]
ok  	bitriver-live/internal/envutil	0.017s
ok  	bitriver-live/internal/envutil/pgdsn	0.020s
ok  	bitriver-live/internal/executil	0.051s
ok  	bitriver-live/internal/ingest	3.628s
ok  	bitriver-live/internal/models	0.021s
?   	bitriver-live/internal/observability	[no test files]
ok  	bitriver-live/internal/observability/logging	0.049s
ok  	bitriver-live/internal/observability/metrics	0.049s
?   	bitriver-live/internal/observability/tracing	[no test files]
ok  	bitriver-live/internal/platformutil	0.041s
ok  	bitriver-live/internal/security/tokenauth	0.034s
ok  	bitriver-live/internal/server	0.169s
ok  	bitriver-live/internal/serverutil	0.107s
ok  	bitriver-live/internal/service	0.021s
ok  	bitriver-live/internal/service/uploads	0.286s
ok  	bitriver-live/internal/storage	1.835s
ok  	bitriver-live/internal/stringsutil	0.014s
?   	bitriver-live/internal/testsupport	[no test files]
?   	bitriver-live/internal/testsupport/ingeststub	[no test files]
?   	bitriver-live/internal/testsupport/redisstub	[no test files]
ok  	bitriver-live/scripts	1.046s
?   	bitriver-live/web	[no test files]

==> Architecture dependency direction check
Architecture import direction check passed.

==> No internal/models imports outside internal/models
No forbidden bitriver-live/internal/models imports found.

==> Dependency source check
dependency source check passed (no third_party/vendor duplicates).

==> Contract invariants check
Checking deployment contract invariants...
Found deploy/docker-compose.yml
Skipping docker compose config validation: docker is not installed or not on PATH.
Found deploy/.env.example
Found generated section markers in docs/contract.md
docs/contract.md generated env section is up to date
Generated artifact references are valid
Contract invariants check passed.

==> Production third-party digest gate
Skipping digest enforcement (BITRIVER_LIVE_MODE=unset, BITRIVER_DEPLOY_IMAGE_SOURCE=pull).

==> Docker Compose config validation
Skipping: docker is not installed or not on PATH.

==> Viewer lint/test
Skipping: no changes detected under web/viewer (use --viewer to force).

All requested verification checks completed successfully.
==> Exit code: 0
==> Finished: 2026-02-27T16:31:56+00:00
